Processing tutorial files...
Processing: compress-meshes-google-draco (1)
Verifying snippet from compress-meshes-google-draco...
  (Error logged to results)
Processing: generate-mesh-data (2)
Verifying snippet from generate-mesh-data...
  (Error logged to results)
Processing: 3d-mesh-data (3)
Processing: split-meshes-by-material (4)
Verifying snippet from split-meshes-by-material...
  (Error logged to results)
Processing: 3d-objects-and-scenes (5)
Processing: modify-sphere-radius (6)
Verifying snippet from modify-sphere-radius...
  (Error logged to results)
Processing: xpath-like-object-queries (7)
Verifying snippet from xpath-like-object-queries...
  (Error logged to results)
Processing: change-plane-orientation (8)
Verifying snippet from change-plane-orientation...
  (Error logged to results)
Processing: compress-3d-scenes (9)
Verifying snippet from compress-3d-scenes...
  (Error logged to results)
Processing: get-scene-information (10)
Verifying snippet from get-scene-information...
  (Error logged to results)
Progress: 10 files processed...
Processing: 3d-scenes-and-models (11)
Processing: managing-3d-properties-scenes (12)
Verifying snippet from managing-3d-properties-scenes...
  (Error logged to results)
Processing: save-custom-mesh-formats (13)
Verifying snippet from save-custom-mesh-formats...
  (Error logged to results)
Processing: add-animation-properties-to-scenes (14)
Verifying snippet from add-animation-properties-to-scenes...
  (Error logged to results)
Processing: animations (15)
Processing: set-up-target-camera (16)
Verifying snippet from set-up-target-camera...
  (Error logged to results)
Processing: creating-cylinders-with-offset-top (17)
Verifying snippet from creating-cylinders-with-offset-top...
  (Error logged to results)
Processing: creating-cylinders-with-sheared-bottom (18)
Verifying snippet from creating-cylinders-with-sheared-bottom...
  (Error logged to results)
Processing: creating-fan-cylinders (19)
Verifying snippet from creating-fan-cylinders...
  (Error logged to results)
Processing: cylinders (20)
Progress: 20 files processed...
Processing: apply-materials-to-3d-objects (21)
Verifying snippet from apply-materials-to-3d-objects...
  (Error logged to results)
Processing: apply-pbr-materials-to-objects (22)
Verifying snippet from apply-pbr-materials-to-objects...
  (Error logged to results)
Processing: apply-uv-coordinates-to-3d-objects (23)
Verifying snippet from apply-uv-coordinates-to-3d-objects...
  (Error logged to results)
Processing: build-node-hierarchies (24)
Verifying snippet from build-node-hierarchies...
  (Error logged to results)
Processing: concatenate-quaternions-for-3d-rotations (25)
Verifying snippet from concatenate-quaternions-for-3d-rotations...
  (Error logged to results)
Processing: create-3d-cube-scene (26)
Verifying snippet from create-3d-cube-scene...
  (Error logged to results)
Processing: expose-geometric-transformations (27)
Verifying snippet from expose-geometric-transformations...
  (Error logged to results)
Processing: geometry (28)
Processing: set-up-normals-on-3d-objects (29)
Verifying snippet from set-up-normals-on-3d-objects...
  (Error logged to results)
Processing: share-mesh-geometry-data (30)
Verifying snippet from share-mesh-geometry-data...
  (Error logged to results)
Progress: 30 files processed...
Processing: transform-3d-nodes-with-euler-angles (31)
Verifying snippet from transform-3d-nodes-with-euler-angles...
  (Error logged to results)
Processing: transform-3d-nodes-with-matrices (32)
Verifying snippet from transform-3d-nodes-with-matrices...
  (Error logged to results)
Processing: transform-3d-nodes-with-quaternions (33)
Verifying snippet from transform-3d-nodes-with-quaternions...
  (Error logged to results)
Processing: triangulate-meshes-for-optimized-rendering (34)
Verifying snippet from triangulate-meshes-for-optimized-rendering...
  (Error logged to results)
Processing: java (35)
Processing: applying-license-in-aspose-3d (36)
Verifying snippet from applying-license-in-aspose-3d...
  (Error logged to results)
Processing: licensing (37)
Processing: applying-twist (38)
Verifying snippet from applying-twist...
  (Error logged to results)
Processing: controlling-center (39)
Verifying snippet from controlling-center...
  (Error logged to results)
Processing: linear-extrusion (40)
Progress: 40 files processed...
Processing: performing-linear-extrusion (41)
Verifying snippet from performing-linear-extrusion...
  (Error logged to results)
Processing: setting-direction (42)
Verifying snippet from setting-direction...
  (Error logged to results)
Processing: specifying-slices (43)
Verifying snippet from specifying-slices...
  (Error logged to results)
Processing: using-twist-offset (44)
Verifying snippet from using-twist-offset...
  (Error logged to results)
Processing: create-empty-3d-document (45)
Verifying snippet from create-empty-3d-document...
  (Error logged to results)
Processing: customize-3d-file-loading (46)
Verifying snippet from customize-3d-file-loading...
  (Error logged to results)
Processing: detect-3d-file-formats (47)
Verifying snippet from detect-3d-file-formats...
  (Error logged to results)
Processing: load-and-save (48)
Processing: optimize-3d-file-saving (49)
Verifying snippet from optimize-3d-file-saving...
  (Error logged to results)
Processing: read-existing-3d-scenes (50)
Verifying snippet from read-existing-3d-scenes...
  (Error logged to results)
Progress: 50 files processed...
Processing: save-3d-scenes (51)
Verifying snippet from save-3d-scenes...
  (Error logged to results)
Processing: upgrade-materials-to-pbr (52)
Verifying snippet from upgrade-materials-to-pbr...
  (Error logged to results)
Processing: create-point-clouds-java (53)
Verifying snippet from create-point-clouds-java...
  (Error logged to results)
Processing: decode-meshes-java (54)
Verifying snippet from decode-meshes-java...
  (Error logged to results)
Processing: export-3d-scenes-point-clouds-java (55)
Verifying snippet from export-3d-scenes-point-clouds-java...
  (Error logged to results)
Processing: export-point-clouds-ply-java (56)
Verifying snippet from export-point-clouds-ply-java...
  (Error logged to results)
Processing: generate-point-clouds-spheres-java (57)
Verifying snippet from generate-point-clouds-spheres-java...
  (Error logged to results)
Processing: point-clouds (58)
Processing: load-ply-point-clouds-java (59)
Verifying snippet from load-ply-point-clouds-java...
  (Error logged to results)
Processing: ply-export-point-clouds-java (60)
Verifying snippet from ply-export-point-clouds-java...
  (Error logged to results)
Progress: 60 files processed...
Processing: convert-polygons-triangles (61)
Verifying snippet from convert-polygons-triangles...
  (Error logged to results)
Processing: generate-uv-coordinates (62)
Verifying snippet from generate-uv-coordinates...
  (Error logged to results)
Processing: polygon (63)
Processing: building-primitive-3d-models (64)
Verifying snippet from building-primitive-3d-models...
  (Error logged to results)
Processing: primitive-3d-models (65)
Processing: basic-rendering (66)
Verifying snippet from basic-rendering...
  (Error logged to results)
Processing: rendering-3d-scenes (67)
Processing: manual-render-targets (68)
Verifying snippet from manual-render-targets...
  (Error logged to results)
Processing: real-time-rendering-swt (69)
Verifying snippet from real-time-rendering-swt...
  (Error logged to results)
Processing: render-to-buffered-image (70)
Verifying snippet from render-to-buffered-image...
  (Error logged to results)
Progress: 70 files processed...
Processing: render-to-file (71)
Verifying snippet from render-to-file...
  (Error logged to results)
Processing: convert-primitives-to-meshes (72)
Verifying snippet from convert-primitives-to-meshes...
  (Error logged to results)
Processing: create-polygons-in-meshes (73)
Verifying snippet from create-polygons-in-meshes...
  (Error logged to results)
Processing: customize-mesh-memory-layout (74)
Verifying snippet from customize-mesh-memory-layout...
  (Error logged to results)
Processing: generate-tangent-binormal-data (75)
Verifying snippet from generate-tangent-binormal-data...
  (Error logged to results)
Processing: transforming-3d-meshes (76)
Processing: vrml-files (77)
Processing: open-vrml-files-java (78)
Verifying snippet from open-vrml-files-java...
  (Error logged to results)

=========================================
VERIFICATION COMPLETE
=========================================
Total files: 0
Java snippets: 0
Verified: 0
Failed: 0

Results saved to: /home/lexchou/workspace/aspose/ref-tutorial/java_verification/results_summary.txt
