Found 78 tutorial files
Processing: compress-meshes-google-draco...
verify_all.sh: line 71:  >> /home/lexchou/workspace/aspose/ref-tutorial/java_verification/results_summary.txt
            echo import: No such file or directory
  Error details in /tmp/verify_compress-meshes-google-draco_1.java
  Compiler output:
    /tmp/verify_compress-meshes-google-draco_1.java:4: error: illegal start of expression
    import com.aspose.threed.DracoCompressionLevel;
    ^
    /tmp/verify_compress-meshes-google-draco_1.java:4: error: not a statement
    import com.aspose.threed.DracoCompressionLevel;
                            ^
    2 errors
verify_all.sh: line 71:  >> /home/lexchou/workspace/aspose/ref-tutorial/java_verification/results_summary.txt
            echo import: No such file or directory
  Error details in /tmp/verify_compress-meshes-google-draco_2.java
  Compiler output:
    /tmp/verify_compress-meshes-google-draco_2.java:4: error: illegal start of expression
    import com.aspose.threed.DracoSaveOptions;
    ^
    /tmp/verify_compress-meshes-google-draco_2.java:4: error: not a statement
    import com.aspose.threed.DracoSaveOptions;
                            ^
    2 errors
verify_all.sh: line 71:  >> /home/lexchou/workspace/aspose/ref-tutorial/java_verification/results_summary.txt
            echo import: No such file or directory
  Error details in /tmp/verify_compress-meshes-google-draco_3.java
  Compiler output:
    /tmp/verify_compress-meshes-google-draco_3.java:4: error: illegal start of expression
    import com.aspose.threed.FileFormat;
    ^
    /tmp/verify_compress-meshes-google-draco_3.java:4: error: not a statement
    import com.aspose.threed.FileFormat;
                            ^
    2 errors
verify_all.sh: line 71:  >> /home/lexchou/workspace/aspose/ref-tutorial/java_verification/results_summary.txt
            echo import: No such file or directory
  Error details in /tmp/verify_compress-meshes-google-draco_4.java
  Compiler output:
    /tmp/verify_compress-meshes-google-draco_4.java:4: error: illegal start of expression
    import com.aspose.threed.Sphere;
    ^
    /tmp/verify_compress-meshes-google-draco_4.java:4: error: not a statement
    import com.aspose.threed.Sphere;
                            ^
    2 errors
verify_all.sh: line 71:  >> /home/lexchou/workspace/aspose/ref-tutorial/java_verification/results_summary.txt
            echo import: No such file or directory
  Error details in /tmp/verify_compress-meshes-google-draco_5.java
  Compiler output:
    /tmp/verify_compress-meshes-google-draco_5.java:4: error: illegal start of expression
    import java.io.IOException;
    ^
    /tmp/verify_compress-meshes-google-draco_5.java:4: error: not a statement
    import java.io.IOException;
                  ^
    2 errors
verify_all.sh: line 71:  >> /home/lexchou/workspace/aspose/ref-tutorial/java_verification/results_summary.txt
            echo import: No such file or directory
  Error details in /tmp/verify_compress-meshes-google-draco_6.java
  Compiler output:
    /tmp/verify_compress-meshes-google-draco_6.java:4: error: illegal start of expression
    import java.nio.file.Files;
    ^
    /tmp/verify_compress-meshes-google-draco_6.java:4: error: not a statement
    import java.nio.file.Files;
                        ^
    2 errors
verify_all.sh: line 71:  >> /home/lexchou/workspace/aspose/ref-tutorial/java_verification/results_summary.txt
            echo import: No such file or directory
  Error details in /tmp/verify_compress-meshes-google-draco_7.java
  Compiler output:
    /tmp/verify_compress-meshes-google-draco_7.java:4: error: illegal start of expression
    import java.nio.file.Paths;
    ^
    /tmp/verify_compress-meshes-google-draco_7.java:4: error: not a statement
    import java.nio.file.Paths;
                        ^
    2 errors
verify_all.sh: line 71:  >> /home/lexchou/workspace/aspose/ref-tutorial/java_verification/results_summary.txt
            echo import: No such file or directory
  Error details in /tmp/verify_compress-meshes-google-draco_8.java
  Compiler output:
    /tmp/verify_compress-meshes-google-draco_8.java:4: error: illegal start of expression
    import java.nio.file.Files;
    ^
    /tmp/verify_compress-meshes-google-draco_8.java:4: error: not a statement
    import java.nio.file.Files;
                        ^
    2 errors
verify_all.sh: line 71:  >> /home/lexchou/workspace/aspose/ref-tutorial/java_verification/results_summary.txt
            echo import: No such file or directory
  Error details in /tmp/verify_compress-meshes-google-draco_9.java
  Compiler output:
    /tmp/verify_compress-meshes-google-draco_9.java:4: error: illegal start of expression
    import java.nio.file.Paths;
    ^
    /tmp/verify_compress-meshes-google-draco_9.java:4: error: not a statement
    import java.nio.file.Paths;
                        ^
    2 errors
verify_all.sh: line 71:  >> /home/lexchou/workspace/aspose/ref-tutorial/java_verification/results_summary.txt
            echo import: No such file or directory
  Error details in /tmp/verify_compress-meshes-google-draco_10.java
  Compiler output:
    /tmp/verify_compress-meshes-google-draco_10.java:4: error: illegal start of expression
    import com.aspose.threed.Sphere;
    ^
    /tmp/verify_compress-meshes-google-draco_10.java:4: error: not a statement
    import com.aspose.threed.Sphere;
                            ^
    2 errors
verify_all.sh: line 71:  >> /home/lexchou/workspace/aspose/ref-tutorial/java_verification/results_summary.txt
            echo import: No such file or directory
  Error details in /tmp/verify_compress-meshes-google-draco_11.java
  Compiler output:
    /tmp/verify_compress-meshes-google-draco_11.java:4: error: illegal start of expression
    import com.aspose.threed.DracoSaveOptions;
    ^
    /tmp/verify_compress-meshes-google-draco_11.java:4: error: not a statement
    import com.aspose.threed.DracoSaveOptions;
                            ^
    2 errors
verify_all.sh: line 71:  >> /home/lexchou/workspace/aspose/ref-tutorial/java_verification/results_summary.txt
            echo import: No such file or directory
  Error details in /tmp/verify_compress-meshes-google-draco_12.java
  Compiler output:
    /tmp/verify_compress-meshes-google-draco_12.java:4: error: illegal start of expression
    import com.aspose.threed.DracoCompressionLevel;
    ^
    /tmp/verify_compress-meshes-google-draco_12.java:4: error: not a statement
    import com.aspose.threed.DracoCompressionLevel;
                            ^
    2 errors
verify_all.sh: line 71:  >> /home/lexchou/workspace/aspose/ref-tutorial/java_verification/results_summary.txt
            echo import: No such file or directory
  Error details in /tmp/verify_compress-meshes-google-draco_13.java
  Compiler output:
    /tmp/verify_compress-meshes-google-draco_13.java:4: error: illegal start of expression
    import com.aspose.threed.FileFormat;
    ^
    /tmp/verify_compress-meshes-google-draco_13.java:4: error: not a statement
    import com.aspose.threed.FileFormat;
                            ^
    2 errors
verify_all.sh: line 71:  >> /home/lexchou/workspace/aspose/ref-tutorial/java_verification/results_summary.txt
            echo //: No such file or directory
  Error details in /tmp/verify_compress-meshes-google-draco_14.java
  Compiler output:
    /tmp/verify_compress-meshes-google-draco_14.java:2: error: class TempVerify is public, should be declared in a file named TempVerify.java
    public class TempVerify {
           ^
    1 error
verify_all.sh: line 71:  >> /home/lexchou/workspace/aspose/ref-tutorial/java_verification/results_summary.txt
            echo //: No such file or directory
  Error details in /tmp/verify_compress-meshes-google-draco_15.java
  Compiler output:
    /tmp/verify_compress-meshes-google-draco_15.java:2: error: class TempVerify is public, should be declared in a file named TempVerify.java
    public class TempVerify {
           ^
    1 error
verify_all.sh: line 71:  >> /home/lexchou/workspace/aspose/ref-tutorial/java_verification/results_summary.txt
            echo String: No such file or directory
  Error details in /tmp/verify_compress-meshes-google-draco_16.java
  Compiler output:
    /tmp/verify_compress-meshes-google-draco_16.java:2: error: class TempVerify is public, should be declared in a file named TempVerify.java
    public class TempVerify {
           ^
    1 error
verify_all.sh: line 71:  >> /home/lexchou/workspace/aspose/ref-tutorial/java_verification/results_summary.txt
            echo //: No such file or directory
  Error details in /tmp/verify_compress-meshes-google-draco_17.java
  Compiler output:
    /tmp/verify_compress-meshes-google-draco_17.java:2: error: class TempVerify is public, should be declared in a file named TempVerify.java
    public class TempVerify {
           ^
    1 error
verify_all.sh: line 71:  >> /home/lexchou/workspace/aspose/ref-tutorial/java_verification/results_summary.txt
            echo Sphere: No such file or directory
  Error details in /tmp/verify_compress-meshes-google-draco_18.java
  Compiler output:
    /tmp/verify_compress-meshes-google-draco_18.java:2: error: class TempVerify is public, should be declared in a file named TempVerify.java
    public class TempVerify {
           ^
    1 error
verify_all.sh: line 71:  >> /home/lexchou/workspace/aspose/ref-tutorial/java_verification/results_summary.txt
            echo //: No such file or directory
  Error details in /tmp/verify_compress-meshes-google-draco_19.java
  Compiler output:
    /tmp/verify_compress-meshes-google-draco_19.java:2: error: class TempVerify is public, should be declared in a file named TempVerify.java
    public class TempVerify {
           ^
    1 error
verify_all.sh: line 71:  >> /home/lexchou/workspace/aspose/ref-tutorial/java_verification/results_summary.txt
            echo DracoSaveOptions: No such file or directory
  Error details in /tmp/verify_compress-meshes-google-draco_20.java
  Compiler output:
    /tmp/verify_compress-meshes-google-draco_20.java:2: error: class TempVerify is public, should be declared in a file named TempVerify.java
    public class TempVerify {
           ^
    1 error
verify_all.sh: line 71:  >> /home/lexchou/workspace/aspose/ref-tutorial/java_verification/results_summary.txt
            echo opt.setCompressionLevel(DracoCompressionLevel.OPTIMAL); >> /home/lexchou/workspace/aspose/ref-tutorial/java_verification/results_summary.txt
            echo : No such file or directory
  Error details in /tmp/verify_compress-meshes-google-draco_21.java
  Compiler output:
    /tmp/verify_compress-meshes-google-draco_21.java:2: error: class TempVerify is public, should be declared in a file named TempVerify.java
    public class TempVerify {
           ^
    /tmp/verify_compress-meshes-google-draco_21.java:4: error: cannot find symbol
    opt.setCompressionLevel(DracoCompressionLevel.OPTIMAL);
    ^
      symbol:   variable opt
      location: class TempVerify
    2 errors
verify_all.sh: line 71:  >> /home/lexchou/workspace/aspose/ref-tutorial/java_verification/results_summary.txt
            echo byte[]: No such file or directory
  Error details in /tmp/verify_compress-meshes-google-draco_22.java
  Compiler output:
    /tmp/verify_compress-meshes-google-draco_22.java:2: error: class TempVerify is public, should be declared in a file named TempVerify.java
    public class TempVerify {
           ^
    /tmp/verify_compress-meshes-google-draco_22.java:4: error: cannot find symbol
    byte[] b = FileFormat.DRACO.encode(sphere.toMesh(), opt);
                                                        ^
      symbol:   variable opt
      location: class TempVerify
    /tmp/verify_compress-meshes-google-draco_22.java:4: error: cannot find symbol
    byte[] b = FileFormat.DRACO.encode(sphere.toMesh(), opt);
verify_all.sh: line 71:  >> /home/lexchou/workspace/aspose/ref-tutorial/java_verification/results_summary.txt
            echo //: No such file or directory
  Error details in /tmp/verify_compress-meshes-google-draco_23.java
  Compiler output:
    /tmp/verify_compress-meshes-google-draco_23.java:2: error: class TempVerify is public, should be declared in a file named TempVerify.java
    public class TempVerify {
           ^
    1 error
verify_all.sh: line 71:  >> /home/lexchou/workspace/aspose/ref-tutorial/java_verification/results_summary.txt
            echo Files.write(Paths.get(MyDir,: No such file or directory
  Error details in /tmp/verify_compress-meshes-google-draco_24.java
  Compiler output:
    /tmp/verify_compress-meshes-google-draco_24.java:2: error: class TempVerify is public, should be declared in a file named TempVerify.java
    public class TempVerify {
           ^
    /tmp/verify_compress-meshes-google-draco_24.java:4: error: cannot find symbol
    Files.write(Paths.get(MyDir, "SphereMeshtoDRC_Out.drc"), b);
                                                             ^
      symbol:   variable b
      location: class TempVerify
    /tmp/verify_compress-meshes-google-draco_24.java:4: error: cannot find symbol
    Files.write(Paths.get(MyDir, "SphereMeshtoDRC_Out.drc"), b);
verify_all.sh: line 71:  >> /home/lexchou/workspace/aspose/ref-tutorial/java_verification/results_summary.txt
            echo //: No such file or directory
  Error details in /tmp/verify_compress-meshes-google-draco_25.java
  Compiler output:
    /tmp/verify_compress-meshes-google-draco_25.java:2: error: class TempVerify is public, should be declared in a file named TempVerify.java
    public class TempVerify {
           ^
    1 error
Processing: generate-mesh-data...
verify_all.sh: line 71:  >> /home/lexchou/workspace/aspose/ref-tutorial/java_verification/results_summary.txt
            echo import: No such file or directory
  Error details in /tmp/verify_generate-mesh-data_26.java
  Compiler output:
    /tmp/verify_generate-mesh-data_26.java:4: error: illegal start of expression
    import com.aspose.threed.*;
    ^
    /tmp/verify_generate-mesh-data_26.java:4: error: <identifier> expected
    import com.aspose.threed.*;
                             ^
    /tmp/verify_generate-mesh-data_26.java:4: error: illegal start of expression
    import com.aspose.threed.*;
                              ^
    3 errors
verify_all.sh: line 71:  >> /home/lexchou/workspace/aspose/ref-tutorial/java_verification/results_summary.txt
            echo import: No such file or directory
  Error details in /tmp/verify_generate-mesh-data_27.java
  Compiler output:
    /tmp/verify_generate-mesh-data_27.java:4: error: illegal start of expression
    import java.io.IOException;
    ^
    /tmp/verify_generate-mesh-data_27.java:4: error: not a statement
    import java.io.IOException;
                  ^
    2 errors
verify_all.sh: line 71:  >> /home/lexchou/workspace/aspose/ref-tutorial/java_verification/results_summary.txt
            echo //: No such file or directory
  Error details in /tmp/verify_generate-mesh-data_28.java
  Compiler output:
    /tmp/verify_generate-mesh-data_28.java:2: error: class TempVerify is public, should be declared in a file named TempVerify.java
    public class TempVerify {
           ^
    1 error
verify_all.sh: line 71:  >> /home/lexchou/workspace/aspose/ref-tutorial/java_verification/results_summary.txt
            echo //: No such file or directory
  Error details in /tmp/verify_generate-mesh-data_29.java
  Compiler output:
    /tmp/verify_generate-mesh-data_29.java:2: error: class TempVerify is public, should be declared in a file named TempVerify.java
    public class TempVerify {
           ^
    1 error
verify_all.sh: line 71:  >> /home/lexchou/workspace/aspose/ref-tutorial/java_verification/results_summary.txt
            echo String: No such file or directory
  Error details in /tmp/verify_generate-mesh-data_30.java
  Compiler output:
    /tmp/verify_generate-mesh-data_30.java:2: error: class TempVerify is public, should be declared in a file named TempVerify.java
    public class TempVerify {
           ^
    1 error
verify_all.sh: line 71:  >> /home/lexchou/workspace/aspose/ref-tutorial/java_verification/results_summary.txt
            echo //: No such file or directory
  Error details in /tmp/verify_generate-mesh-data_31.java
  Compiler output:
    /tmp/verify_generate-mesh-data_31.java:2: error: class TempVerify is public, should be declared in a file named TempVerify.java
    public class TempVerify {
           ^
    1 error
verify_all.sh: line 71:  >> /home/lexchou/workspace/aspose/ref-tutorial/java_verification/results_summary.txt
            echo Scene: No such file or directory
  Error details in /tmp/verify_generate-mesh-data_32.java
  Compiler output:
    /tmp/verify_generate-mesh-data_32.java:2: error: class TempVerify is public, should be declared in a file named TempVerify.java
    public class TempVerify {
           ^
    /tmp/verify_generate-mesh-data_32.java:4: error: cannot find symbol
    Scene s = Scene.fromFile(MyDir + "camera.3ds");
                             ^
      symbol:   variable MyDir
      location: class TempVerify
    2 errors
verify_all.sh: line 71:  >> /home/lexchou/workspace/aspose/ref-tutorial/java_verification/results_summary.txt
            echo s.getRootNode().accept(new: No such file or directory
  Error details in /tmp/verify_generate-mesh-data_33.java
  Compiler output:
    /tmp/verify_generate-mesh-data_33.java:5: error: ')' or ',' expected
        }
         ^
    /tmp/verify_generate-mesh-data_33.java:6: error: reached end of file while parsing
    }
     ^
    2 errors
verify_all.sh: line 71:  >> /home/lexchou/workspace/aspose/ref-tutorial/java_verification/results_summary.txt
            echo : No such file or directory
  Error details in /tmp/verify_generate-mesh-data_34.java
  Compiler output:
    /tmp/verify_generate-mesh-data_34.java:5: error: illegal start of type
        }
        ^
    1 error
verify_all.sh: line 71:  >> /home/lexchou/workspace/aspose/ref-tutorial/java_verification/results_summary.txt
            echo : No such file or directory
  Error details in /tmp/verify_generate-mesh-data_35.java
  Compiler output:
    /tmp/verify_generate-mesh-data_35.java:4: error: illegal start of expression
        public boolean call(Node node) {
        ^
    1 error
verify_all.sh: line 71:  >> /home/lexchou/workspace/aspose/ref-tutorial/java_verification/results_summary.txt
            echo : No such file or directory
  Error details in /tmp/verify_generate-mesh-data_36.java
  Compiler output:
    /tmp/verify_generate-mesh-data_36.java:2: error: class TempVerify is public, should be declared in a file named TempVerify.java
    public class TempVerify {
           ^
    /tmp/verify_generate-mesh-data_36.java:4: error: cannot find symbol
            Mesh mesh = (Mesh) node.getEntity();
                               ^
      symbol:   variable node
      location: class TempVerify
    2 errors
verify_all.sh: line 71:  >> /home/lexchou/workspace/aspose/ref-tutorial/java_verification/results_summary.txt
            echo : No such file or directory
  Error details in /tmp/verify_generate-mesh-data_37.java
  Compiler output:
    /tmp/verify_generate-mesh-data_37.java:6: error: reached end of file while parsing
    }
     ^
    1 error
verify_all.sh: line 71:  >> /home/lexchou/workspace/aspose/ref-tutorial/java_verification/results_summary.txt
            echo : No such file or directory
  Error details in /tmp/verify_generate-mesh-data_38.java
  Compiler output:
    /tmp/verify_generate-mesh-data_38.java:2: error: class TempVerify is public, should be declared in a file named TempVerify.java
    public class TempVerify {
           ^
    /tmp/verify_generate-mesh-data_38.java:4: error: cannot find symbol
                VertexElementNormal normals = PolygonModifier.generateNormal(mesh);
                                                                             ^
      symbol:   variable mesh
      location: class TempVerify
    2 errors
verify_all.sh: line 71:  >> /home/lexchou/workspace/aspose/ref-tutorial/java_verification/results_summary.txt
            echo : No such file or directory
  Error details in /tmp/verify_generate-mesh-data_39.java
  Compiler output:
    /tmp/verify_generate-mesh-data_39.java:2: error: class TempVerify is public, should be declared in a file named TempVerify.java
    public class TempVerify {
           ^
    /tmp/verify_generate-mesh-data_39.java:4: error: cannot find symbol
                mesh.addElement(normals);
                                ^
      symbol:   variable normals
      location: class TempVerify
    /tmp/verify_generate-mesh-data_39.java:4: error: cannot find symbol
                mesh.addElement(normals);
verify_all.sh: line 71:  >> /home/lexchou/workspace/aspose/ref-tutorial/java_verification/results_summary.txt
            echo : No such file or directory
  Error details in /tmp/verify_generate-mesh-data_40.java
  Compiler output:
    /tmp/verify_generate-mesh-data_40.java:6: error: class, interface, enum, or record expected
    }
    ^
    1 error
verify_all.sh: line 71:  >> /home/lexchou/workspace/aspose/ref-tutorial/java_verification/results_summary.txt
            echo : No such file or directory
  Error details in /tmp/verify_generate-mesh-data_41.java
  Compiler output:
    /tmp/verify_generate-mesh-data_41.java:2: error: class TempVerify is public, should be declared in a file named TempVerify.java
    public class TempVerify {
           ^
    /tmp/verify_generate-mesh-data_41.java:4: error: incompatible types: unexpected return value
            return true;
                   ^
    2 errors
verify_all.sh: line 71:  >> /home/lexchou/workspace/aspose/ref-tutorial/java_verification/results_summary.txt
            echo : No such file or directory
  Error details in /tmp/verify_generate-mesh-data_42.java
  Compiler output:
    /tmp/verify_generate-mesh-data_42.java:6: error: class, interface, enum, or record expected
    }
    ^
    1 error
verify_all.sh: line 71:  >> /home/lexchou/workspace/aspose/ref-tutorial/java_verification/results_summary.txt
            echo }); >> /home/lexchou/workspace/aspose/ref-tutorial/java_verification/results_summary.txt
            echo : No such file or directory
  Error details in /tmp/verify_generate-mesh-data_43.java
  Compiler output:
    /tmp/verify_generate-mesh-data_43.java:4: error: illegal start of type
    });
     ^
    /tmp/verify_generate-mesh-data_43.java:6: error: class, interface, enum, or record expected
    }
    ^
    2 errors
verify_all.sh: line 71:  >> /home/lexchou/workspace/aspose/ref-tutorial/java_verification/results_summary.txt
            echo //: No such file or directory
  Error details in /tmp/verify_generate-mesh-data_44.java
  Compiler output:
    /tmp/verify_generate-mesh-data_44.java:2: error: class TempVerify is public, should be declared in a file named TempVerify.java
    public class TempVerify {
           ^
    1 error
verify_all.sh: line 71:  >> /home/lexchou/workspace/aspose/ref-tutorial/java_verification/results_summary.txt
            echo System.out.println("\nNormal: No such file or directory
  Error details in /tmp/verify_generate-mesh-data_45.java
  Compiler output:
    /tmp/verify_generate-mesh-data_45.java:2: error: class TempVerify is public, should be declared in a file named TempVerify.java
    public class TempVerify {
           ^
    1 error
Processing: 3d-mesh-data...
Processing: split-meshes-by-material...
verify_all.sh: line 71:  >> /home/lexchou/workspace/aspose/ref-tutorial/java_verification/results_summary.txt
            echo import: No such file or directory
  Error details in /tmp/verify_split-meshes-by-material_46.java
  Compiler output:
    /tmp/verify_split-meshes-by-material_46.java:4: error: illegal start of expression
    import com.aspose.threed.*;
    ^
    /tmp/verify_split-meshes-by-material_46.java:4: error: <identifier> expected
    import com.aspose.threed.*;
                             ^
    /tmp/verify_split-meshes-by-material_46.java:4: error: illegal start of expression
    import com.aspose.threed.*;
                              ^
    3 errors
verify_all.sh: line 71:  >> /home/lexchou/workspace/aspose/ref-tutorial/java_verification/results_summary.txt
            echo import: No such file or directory
  Error details in /tmp/verify_split-meshes-by-material_47.java
  Compiler output:
    /tmp/verify_split-meshes-by-material_47.java:4: error: illegal start of expression
    import java.util.Arrays;
    ^
    /tmp/verify_split-meshes-by-material_47.java:4: error: not a statement
    import java.util.Arrays;
                    ^
    2 errors
